Welcome@DESKTOP-T6MK6R6 MINGW64 ~
$ cd ..

Welcome@DESKTOP-T6MK6R6 MINGW64 /c/Users
$ cd Welcome

Welcome@DESKTOP-T6MK6R6 MINGW64 ~
$ cd Users
bash: cd: Users: No such file or directory

Welcome@DESKTOP-T6MK6R6 MINGW64 ~
$ cd Assignments

Welcome@DESKTOP-T6MK6R6 MINGW64 ~/Assignments (master)
$ git status
On branch master
Untracked files:
  (use "git add <file>..." to include in what will be committed)
        full assignment git.txt

nothing added to commit but untracked files present (use "git add" to track)

Welcome@DESKTOP-T6MK6R6 MINGW64 ~/Assignments (master)
$ git status
On branch master
nothing to commit, working tree clean

Welcome@DESKTOP-T6MK6R6 MINGW64 ~/Assignments (master)
$ git checkout -b js-assignments
Switched to a new branch 'js-assignments'

Welcome@DESKTOP-T6MK6R6 MINGW64 ~/Assignments (js-assignments)
$ git add js-assignments
fatal: pathspec 'js-assignments' did not match any files

Welcome@DESKTOP-T6MK6R6 MINGW64 ~/Assignments (js-assignments)
$ git commit -m 'js-assi change'
On branch js-assignments
Changes not staged for commit:
  (use "git add <file>..." to update what will be committed)
  (use "git restore <file>..." to discard changes in working directory)
        modified:   README.TXT

no changes added to commit (use "git add" and/or "git commit -a")

Welcome@DESKTOP-T6MK6R6 MINGW64 ~/Assignments (js-assignments)
$ git add README.TXT

Welcome@DESKTOP-T6MK6R6 MINGW64 ~/Assignments (js-assignments)
$ git commit -m 'javas changes'
[js-assignments 05a7552] javas changes
 1 file changed, 1 insertion(+)

Welcome@DESKTOP-T6MK6R6 MINGW64 ~/Assignments (js-assignments)
$ git checkout master
Switched to branch 'master'

Welcome@DESKTOP-T6MK6R6 MINGW64 ~/Assignments (master)
$ git add README.TXT

Welcome@DESKTOP-T6MK6R6 MINGW64 ~/Assignments (master)
$ git commit -m 'master  changes'
[master 58650b8] master  changes
 1 file changed, 1 insertion(+)

Welcome@DESKTOP-T6MK6R6 MINGW64 ~/Assignments (master)
$ git checkout js-assignments
Switched to branch 'js-assignments'

Welcome@DESKTOP-T6MK6R6 MINGW64 ~/Assignments (js-assignments)
$ git add README.TXT

Welcome@DESKTOP-T6MK6R6 MINGW64 ~/Assignments (js-assignments)
$ git commit -m 'js changes'
[js-assignments 38f9e21] js changes
 1 file changed, 1 insertion(+)

Welcome@DESKTOP-T6MK6R6 MINGW64 ~/Assignments (js-assignments)
$ git checkout master
Switched to branch 'master'

Welcome@DESKTOP-T6MK6R6 MINGW64 ~/Assignments (master)
$ git merge js-assignments
Auto-merging README.TXT
CONFLICT (content): Merge conflict in README.TXT
Automatic merge failed; fix conflicts and then commit the result.

Welcome@DESKTOP-T6MK6R6 MINGW64 ~/Assignments (master|MERGING)
$ git add
Nothing specified, nothing added.
hint: Maybe you wanted to say 'git add .'?
hint: Turn this message off by running
hint: "git config advice.addEmptyPathspec false"

Welcome@DESKTOP-T6MK6R6 MINGW64 ~/Assignments (master|MERGING)
$ git add README.TXT

Welcome@DESKTOP-T6MK6R6 MINGW64 ~/Assignments (master|MERGING)
$ git commit -m 'merge cmplt'
[master 74a305e] merge cmplt

Welcome@DESKTOP-T6MK6R6 MINGW64 ~/Assignments (master)
$ git branch -d js-assignments
Deleted branch js-assignments (was 38f9e21).

Welcome@DESKTOP-T6MK6R6 MINGW64 ~/Assignments (master)
$ git remote

Welcome@DESKTOP-T6MK6R6 MINGW64 ~/Assignments (master)
$ git remote add origin https://github.com/somsainath/somsai_git3_assign.git

Welcome@DESKTOP-T6MK6R6 MINGW64 ~/Assignments (master)
$ git remote
origin

Welcome@DESKTOP-T6MK6R6 MINGW64 ~/Assignments (master)
$ git push -u origin master
Enumerating objects: 39, done.
Counting objects: 100% (39/39), done.
Delta compression using up to 4 threads
Compressing objects: 100% (26/26), done.
Writing objects: 100% (39/39), 2.98 KiB | 339.00 KiB/s, done.
Total 39 (delta 15), reused 0 (delta 0), pack-reused 0
remote: Resolving deltas: 100% (15/15), done.
To https://github.com/somsainath/somsai_git3_assign.git
 * [new branch]      master -> master
Branch 'master' set up to track remote branch 'master' from 'origin'.

